
> result-ts@0.3.1-beta test:size /home/greg/Workspace/result-ts
> pnpm build && vitest run tests/bundle-size.test.ts


> result-ts@0.3.1-beta build /home/greg/Workspace/result-ts
> pnpm clean && tsc && tsc-alias


> result-ts@0.3.1-beta clean /home/greg/Workspace/result-ts
> rm -rf dist


 RUN  v3.2.4 /home/greg/Workspace/result-ts

stdout | tests/bundle-size.test.ts > minimal imports should stay tiny
Bundle analysis: {
  inputs: {
    [32m'dist/base.js'[39m: { bytes: [33m32017[39m, imports: [], format: [32m'esm'[39m },
    [32m'dist/minimal.js'[39m: { bytes: [33m85[39m, imports: [36m[Array][39m, format: [32m'esm'[39m },
    [32m'<stdin>'[39m: { bytes: [33m120[39m, imports: [36m[Array][39m, format: [32m'esm'[39m }
  },
  outputs: {
    [32m'stdin.js'[39m: {
      imports: [],
      exports: [],
      entryPoint: [32m'<stdin>'[39m,
      inputs: [36m[Object][39m,
      bytes: [33m137[39m
    }
  }
}

stdout | tests/bundle-size.test.ts > minimal imports should stay tiny
Minimal imports: 137 bytes

stdout | tests/bundle-size.test.ts > core + utilities imports
Bundle analysis: {
  inputs: {
    [32m'dist/base.js'[39m: { bytes: [33m32017[39m, imports: [], format: [32m'esm'[39m },
    [32m'dist/index.js'[39m: { bytes: [33m992[39m, imports: [36m[Array][39m, format: [32m'esm'[39m },
    [32m'<stdin>'[39m: { bytes: [33m118[39m, imports: [36m[Array][39m, format: [32m'esm'[39m }
  },
  outputs: {
    [32m'stdin.js'[39m: {
      imports: [],
      exports: [],
      entryPoint: [32m'<stdin>'[39m,
      inputs: [36m[Object][39m,
      bytes: [33m2288[39m
    }
  }
}

stdout | tests/bundle-size.test.ts > core + utilities imports
Core + utilities: 2288 bytes (2.2KB)

stdout | tests/bundle-size.test.ts > just core functions stay small
Bundle analysis: {
  inputs: {
    [32m'dist/base.js'[39m: { bytes: [33m32017[39m, imports: [], format: [32m'esm'[39m },
    [32m'dist/index.js'[39m: { bytes: [33m992[39m, imports: [36m[Array][39m, format: [32m'esm'[39m },
    [32m'<stdin>'[39m: { bytes: [33m92[39m, imports: [36m[Array][39m, format: [32m'esm'[39m }
  },
  outputs: {
    [32m'stdin.js'[39m: {
      imports: [],
      exports: [],
      entryPoint: [32m'<stdin>'[39m,
      inputs: [36m[Object][39m,
      bytes: [33m203[39m
    }
  }
}

stdout | tests/bundle-size.test.ts > just core functions stay small
Just core functions: 203 bytes

 ✓ tests/bundle-size.test.ts (3 tests) 11ms

 Test Files  1 passed (1)
      Tests  3 passed (3)
   Start at  15:09:11
   Duration  149ms (transform 14ms, setup 0ms, collect 18ms, tests 11ms, environment 0ms, prepare 31ms)

